// Jest Snapshot v1, https://goo.gl/fbAQLP

exports[`MigrationFailedVMsList component renders the MigrationsCompletedCard 1`] = `
<React.Fragment>
  <Grid
    bsClass="container"
    componentClass="div"
    fluid={true}
  >
    <Row
      bsClass="row"
      componentClass="div"
    >
      <Col
        bsClass="col"
        componentClass="div"
        md={3}
        xs={4}
      >
        <strong>
          VM Name
        </strong>
      </Col>
      <Col
        bsClass="col"
        componentClass="div"
        md={9}
        xs={8}
      >
        <strong>
          Error Message
        </strong>
      </Col>
    </Row>
  </Grid>
  <Grid
    bsClass="container"
    className="failures-list"
    componentClass="div"
    fluid={true}
  >
    <Row
      bsClass="row"
      componentClass="div"
      key="24"
    >
      <OverlayTrigger
        defaultOverlayShown={false}
        delay={500}
        overlay={
          <Tooltip
            bsClass="tooltip"
            id="failed-vm-name-24"
            placement="right"
          >
            vmmigrate
          </Tooltip>
        }
        placement="top"
        rootClose={false}
        trigger={
          Array [
            "hover",
          ]
        }
      >
        <Col
          bsClass="col"
          className="failed-vm-column-text"
          componentClass="div"
          md={3}
          xs={4}
        >
          vmmigrate
        </Col>
      </OverlayTrigger>
      <OverlayTrigger
        defaultOverlayShown={false}
        delay={500}
        overlay={
          <Tooltip
            bsClass="tooltip"
            id="failed-vm-name-24"
            placement="right"
          >
            Service_Template_Provisioning failed
          </Tooltip>
        }
        placement="top"
        rootClose={false}
        trigger={
          Array [
            "hover",
          ]
        }
      >
        <Col
          bsClass="col"
          className="failed-vm-column-text"
          componentClass="div"
          md={9}
          xs={8}
        >
          Service_Template_Provisioning failed
        </Col>
      </OverlayTrigger>
    </Row>
    <Row
      bsClass="row"
      componentClass="div"
      key="25"
    >
      <OverlayTrigger
        defaultOverlayShown={false}
        delay={500}
        overlay={
          <Tooltip
            bsClass="tooltip"
            id="failed-vm-name-25"
            placement="right"
          >
            vmmigrate
          </Tooltip>
        }
        placement="top"
        rootClose={false}
        trigger={
          Array [
            "hover",
          ]
        }
      >
        <Col
          bsClass="col"
          className="failed-vm-column-text"
          componentClass="div"
          md={3}
          xs={4}
        >
          vmmigrate
        </Col>
      </OverlayTrigger>
      <OverlayTrigger
        defaultOverlayShown={false}
        delay={500}
        overlay={
          <Tooltip
            bsClass="tooltip"
            id="failed-vm-name-25"
            placement="right"
          >
            Service_Template_Provisioning failed
          </Tooltip>
        }
        placement="top"
        rootClose={false}
        trigger={
          Array [
            "hover",
          ]
        }
      >
        <Col
          bsClass="col"
          className="failed-vm-column-text"
          componentClass="div"
          md={9}
          xs={8}
        >
          Service_Template_Provisioning failed
        </Col>
      </OverlayTrigger>
    </Row>
    <Row
      bsClass="row"
      componentClass="div"
      key="26"
    >
      <OverlayTrigger
        defaultOverlayShown={false}
        delay={500}
        overlay={
          <Tooltip
            bsClass="tooltip"
            id="failed-vm-name-26"
            placement="right"
          >
            vmmigrate
          </Tooltip>
        }
        placement="top"
        rootClose={false}
        trigger={
          Array [
            "hover",
          ]
        }
      >
        <Col
          bsClass="col"
          className="failed-vm-column-text"
          componentClass="div"
          md={3}
          xs={4}
        >
          vmmigrate
        </Col>
      </OverlayTrigger>
      <OverlayTrigger
        defaultOverlayShown={false}
        delay={500}
        overlay={
          <Tooltip
            bsClass="tooltip"
            id="failed-vm-name-26"
            placement="right"
          >
            Service_Template_Provisioning failed
          </Tooltip>
        }
        placement="top"
        rootClose={false}
        trigger={
          Array [
            "hover",
          ]
        }
      >
        <Col
          bsClass="col"
          className="failed-vm-column-text"
          componentClass="div"
          md={9}
          xs={8}
        >
          Service_Template_Provisioning failed
        </Col>
      </OverlayTrigger>
    </Row>
  </Grid>
</React.Fragment>
`;
