// Jest Snapshot v1, https://goo.gl/fbAQLP

exports[`Overview component renders the overview 1`] = `
<React.Fragment>
  <div
    className="row cards-pf"
    style={
      Object {
        "height": "100%",
        "overflow": "auto",
        "paddingBottom": 100,
      }
    }
  >
    <Col
      bsClass="col"
      componentClass="div"
      md={12}
    >
      <Row
        bsClass="row"
        componentClass="div"
      >
        <div
          className="spacer"
        />
        <Equalizer
          byRow={true}
          enabled={[Function]}
          nodes={[Function]}
          property="height"
        >
          <Col
            bsClass="col"
            componentClass="div"
            md={6}
            xs={12}
          >
            <InfrastructureMappingCard
              cardRef={[Function]}
              showMappingWizardAction={[MockFunction]}
            />
          </Col>
          <Col
            bsClass="col"
            componentClass="div"
            md={6}
            xs={12}
          >
            <MigrationPlansCard
              cardRef={[Function]}
              showPlanDisabled={true}
              showPlanWizardAction={[MockFunction]}
            />
          </Col>
        </Equalizer>
      </Row>
      <Row
        bsClass="row"
        componentClass="div"
      >
        <Col
          bsClass="col"
          componentClass="div"
          xs={12}
        >
          <Connect(MigrationsInProgressCard) />
        </Col>
      </Row>
      <Row
        bsClass="row"
        componentClass="div"
      >
        <Col
          bsClass="col"
          componentClass="div"
          xs={12}
        >
          <Connect(MigrationsCompletedCard) />
          <div
            className="spacer"
          />
        </Col>
      </Row>
    </Col>
  </div>
</React.Fragment>
`;
